Script started on Fri 29 May 2015 09:03:14 PM PDT
~
bherm001@hammer $ cs100
[0;91m
===============================================================================
|                                                                             |
| You have enabled settings specific for cs100.  Everything you do is being   |
| recorded to measure your progress in the class.                             |
|                                                                             |
| Important commands for the class:                                           |
|   * calcgrade.sh          displays a detailed breakdown of your grade       |
|   * checksyscalls.sh      is your cpp file doing proper error checking?     |
|   * typespeed             practice typing unix commands                     |
|                                                                             |
| Important commands for general C++ programming:                             |
|   * make                  don't call g++ manually; let make do the work!    |
|   * gdb                   the GNU debugger                                  |
|   * valgrind              get rid of your memory leaks                      |
|   * cppcheck              static analysis tool                              |
|   * man                   find help about any syscall / terminal command    |
|                                                                             |
===============================================================================
[0m
[s%%%%%%%%%%[u[0;32mbherm001[0;36m@[0;32mcs100[0;36m:[0;32m~[0;95m [0;36m$[0m clear
[H[2J[s%%%%%%%%%%[u[0;32mbherm001[0;36m@[0;32mcs100[0;36m:[0;32m~[0;95m [0;36m$[0m ls
a.out	    Downloads			lab2_ex1.asm~  lab6_ex1.asm   stuff.asm
assn1.asm   ex2.cpp			lab2_ex1.cpp   lab6_ex1.asm~  stuff.asm~
assn2.asm   Firefox_wallpaper.png	lab2_ex2.asm   lab6_ex2.asm   Templates
assn2.asm~  git-credential-osxkeychain	lab2_ex2.asm~  lab6_ex2.asm~  TEST
assn3.asm   hello			lab2_ex3.asm   Music	      tests_cs100
assn3.asm~  hold.asm			lab2_ex3.asm~  Pictures       ucr-cs100
bomb.cpp    hold.asm~			lab2_ex4.asm   Public	      Videos
cs100-labs  lab2_ex1			lab2_ex4.asm~  rshell
Desktop     lab2_ex1~			lab2_ex5.asm   sshkey
Documents   lab2_ex1.asm		lab2_ex5.asm~  sshkey.pub
[s%%%%%%%%%%[u[0;32mbherm001[0;36m@[0;32mcs100[0;36m:[0;32m~[0;95m [0;36m$[0m cd rshell
[s%%%%%%%%%%[u[0;32mbherm001[0;36m@[0;32mcs100[0;36m:[0;32m~/rshell[0;95m (master) [0;36m$[0m make
mkdir -p ./bin
g++ -Wall -Werror -ansi -pedantic ./src/main.cpp -o ./bin/rshell
mkdir -p ./bin
g++ -Wall -Werror -ansi -pedantic ./src/ls.cpp -o ./bin/ls
[s%%%%%%%%%%[u[0;32mbherm001[0;36m@[0;32mcs100[0;36m:[0;32m~/rshell[0;95m (master) [0;36m$[0m make clean
rm -rf ./bin
[s%%%%%%%%%%[u[0;32mbherm001[0;36m@[0;32mcs100[0;36m:[0;32m~/rshell[0;95m (master) [0;36m$[0m make rshell
mkdir -p ./bin
g++ -Wall -Werror -ansi -pedantic ./src/main.cpp -o ./bin/rshell
[s%%%%%%%%%%[u[0;32mbherm001[0;36m@[0;32mcs100[0;36m:[0;32m~/rshell[0;95m (master) [0;36m$[0m bin/rshell
bherm001@hammer.cs.ucr.edu:~/rshell $ echo "cd"
"cd"
bherm001@hammer.cs.ucr.edu:~/rshell $ cd
bherm001@hammer.cs.ucr.edu:~ $ pwd
/home/csmajs/bherm001
bherm001@hammer.cs.ucr.edu:~ $ cat
Shows ctrl-C works
Shows ctrl-C works
^Cbherm001@hammer.cs.ucr.edu:~ $ cd rshel        echo "cd<  <p PATH>"
"cd <PATH>"
bherm001@hammer.cs.ucr.edu:~ $ cd rshell
bherm001@hammer.cs.ucr.edu:~/rshell $ pwd
/home/csmajs/bherm001/rshell
bherm001@hammer.cs.ucr.edu:~/rshell $ echo "cd -"^[[D^[[C         "
"cd -"
bherm001@hammer.cs.ucr.edu:~/rshell $ cd -
/home/csmajs/bherm001
bherm001@hammer.cs.ucr.edu:~ $ cd -
/home/csmajs/bherm001/rshell
bherm001@hammer.cs.ucr.edu:~/rshell $ cd -
/home/csmajs/bherm001
bherm001@hammer.cs.ucr.edu:~ $ cd -
/home/csmajs/bherm001/rshell
bherm001@hammer.cs.ucr.edu:~/rshell $ echo "cd .."
"cd .."
bherm001@hammer.cs.ucr.edu:~/rshell $ cd ..
bherm001@hammer.cs.ucr.edu:~ $ cd  pwd
/home/csmajs/bherm001
bherm001@hammer.cs.ucr.edu:~ $ cd ..
bherm001@hammer.cs.ucr.edu: $ pwd
/home/csmajs
bherm001@hammer.cs.ucr.edu: $ cd
bherm001@hammer.cs.ucr.edu:~ $ pwd
/home/csmajs/bherm001
bherm001@hammer.cs.ucr.edu:~ $ cat
Multiple
Multiple
Multiple
Multiple
Many
Many
Many
Many
^Cbherm001@hammer.cs.ucr.edu:~ $ pwd
/home/csmajs/bherm001
bherm001@hammer.cs.ucr.edu:~ $ echo "fa  cd <FAKEPATH>
"cd <FAKEPATH>
bherm001@hammer.cs.ucr.edu:~ $ cd alsls
chdir: No such file or directory
bherm001@hammer.cs.ucr.edu:~ $ cd asdkjasdl/askdaklsd
chdir: No such file or directory
bherm001@hammer.cs.ucr.edu:~ $ cd Desktop          ls
a.out	    Downloads			lab2_ex1.asm~  lab6_ex1.asm   stuff.asm
assn1.asm   ex2.cpp			lab2_ex1.cpp   lab6_ex1.asm~  stuff.asm~
assn2.asm   Firefox_wallpaper.png	lab2_ex2.asm   lab6_ex2.asm   Templates
assn2.asm~  git-credential-osxkeychain	lab2_ex2.asm~  lab6_ex2.asm~  TEST
assn3.asm   hello			lab2_ex3.asm   Music	      tests_cs100
assn3.asm~  hold.asm			lab2_ex3.asm~  Pictures       ucr-cs100
bomb.cpp    hold.asm~			lab2_ex4.asm   Public	      Videos
cs100-labs  lab2_ex1			lab2_ex4.asm~  rshell
Desktop     lab2_ex1~			lab2_ex5.asm   sshkey
Documents   lab2_ex1.asm		lab2_ex5.asm~  sshkey.pub
bherm001@hammer.cs.ucr.edu:~ $ cd Desktop/abab
chdir: No such file or directory
bherm001@hammer.cs.ucr.edu:~ $ pwd
/home/csmajs/bherm001
bherm001@hammer.cs.ucr.edu:~ $ ^C
bherm001@hammer.cs.ucr.edu:~ $ ^C
bherm001@hammer.cs.ucr.edu:~ $ ^C
exit
execvp: No such file or directory
bherm001@hammer.cs.ucr.edu:~ $ ^C
bherm001@hammer.cs.ucr.edu:~ $ ^C
bherm001@hammer.cs.ucr.edu:~ $ ^C

^C
execvp: No such file or directory
bherm001@hammer.cs.ucr.edu:~ $ cat
hello
hello
^Cbherm001@hammer.cs.ucr.edu:~ $ pwd
/home/csmajs/bherm001
bherm001@hammer.cs.ucr.edu:~ $ ls
a.out	    Downloads			lab2_ex1.asm~  lab6_ex1.asm   stuff.asm
assn1.asm   ex2.cpp			lab2_ex1.cpp   lab6_ex1.asm~  stuff.asm~
assn2.asm   Firefox_wallpaper.png	lab2_ex2.asm   lab6_ex2.asm   Templates
assn2.asm~  git-credential-osxkeychain	lab2_ex2.asm~  lab6_ex2.asm~  TEST
assn3.asm   hello			lab2_ex3.asm   Music	      tests_cs100
assn3.asm~  hold.asm			lab2_ex3.asm~  Pictures       ucr-cs100
bomb.cpp    hold.asm~			lab2_ex4.asm   Public	      Videos
cs100-labs  lab2_ex1			lab2_ex4.asm~  rshell
Desktop     lab2_ex1~			lab2_ex5.asm   sshkey
Documents   lab2_ex1.asm		lab2_ex5.asm~  sshkey.pub
bherm001@hammer.cs.ucr.edu:~ $ ls    ls -aR
.:
.				       .gnome		  .mcop
..				       .gnome2		  .mcoprc
.adobe				       .gnome2_private	  .metacity
a.out				       .gnote		  .mozilla
assn1.asm			       .gnupg		  Music
assn2.asm			       .gstreamer-0.10	  .nautilus
assn2.asm~			       .gtk-bookmarks	  .nv
assn3.asm			       .gtkrc-1.2-gnome2  .nx
assn3.asm~			       .gvfs		  Pictures
.bash_history			       hello		  .pki
.bash_logout			       hold.asm		  .procmailrc
.bashrc				       hold.asm~	  .profile
bomb.cpp			       .ICEauthority	  Public
.cache				       .imsettings.log	  .pulse
.config				       .kde		  .pulse-cookie
cs100-labs			       lab2_ex1		  .qt
.dbus				       lab2_ex1~	  .recently-used.xbel
.DCOPserver_well.cs.ucr.edu_NODISPLAY  lab2_ex1.asm	  .redhat
Desktop				       lab2_ex1.asm~	  rshell
.dmrc				       lab2_ex1.cpp	  .ssh
Documents			       lab2_ex2.asm	  sshkey
Downloads			       lab2_ex2.asm~	  sshkey.pub
.eggcups			       lab2_ex3.asm	  stuff.asm
.emacs.d			       lab2_ex3.asm~	  stuff.asm~
.esd_auth			       lab2_ex4.asm	  Templates
.evolution			       lab2_ex4.asm~	  TEST
ex2.cpp				       lab2_ex5.asm	  tests_cs100
.execoooOu9QZJ			       lab2_ex5.asm~	  .thumbnails
.execoooXB1w0X			       lab6_ex1.asm	  .Trash
Firefox_wallpaper.png		       lab6_ex1.asm~	  ucr-cs100
.fontconfig			       lab6_ex2.asm	  Videos
.gconf				       lab6_ex2.asm~	  .vim
.gconfd				       .lesshst		  .viminfo
.gitconfig			       .libreoffice	  .vimrc
git-credential-osxkeychain	       .local		  .Xauthority
.gitlearn			       .macromedia	  .xsession-errors.old

./.adobe:
.  ..  Flash_Player

./.adobe/Flash_Player:
.  ..  AssetCache

./.adobe/Flash_Player/AssetCache:
.  ..  SXCRCY5N

./.adobe/Flash_Player/AssetCache/SXCRCY5N:
.  ..

./.cache:
.  ..  gedit  mozilla

./.cache/gedit:
.  ..  gedit-metadata.xml

./.cache/mozilla:
.  ..  firefox

./.cache/mozilla/firefox:
.  ..  dj9aeytv.Default User

./.cache/mozilla/firefox/dj9aeytv.Default User:
.  ..  Cache  cache2  _CACHE_CLEAN_  safebrowsing  startupCache  thumbnails

./.cache/mozilla/firefox/dj9aeytv.Default User/Cache:
.   0  2  4  6	8  A  C		   _CACHE_002_	_CACHE_MAP_  E
..  1  3  5  7	9  B  _CACHE_001_  _CACHE_003_	D	     F

./.cache/mozilla/firefox/dj9aeytv.Default User/Cache/0:
.  ..

./.cache/mozilla/firefox/dj9aeytv.Default User/Cache/1:
.  ..

./.cache/mozilla/firefox/dj9aeytv.Default User/Cache/2:
.  ..

./.cache/mozilla/firefox/dj9aeytv.Default User/Cache/3:
.  ..

./.cache/mozilla/firefox/dj9aeytv.Default User/Cache/4:
.  ..

./.cache/mozilla/firefox/dj9aeytv.Default User/Cache/5:
.  ..

./.cache/mozilla/firefox/dj9aeytv.Default User/Cache/6:
.  ..

./.cache/mozilla/firefox/dj9aeytv.Default User/Cache/7:
.  ..

./.cache/mozilla/firefox/dj9aeytv.Default User/Cache/8:
.  ..

./.cache/mozilla/firefox/dj9aeytv.Default User/Cache/9:
.  ..

./.cache/mozilla/firefox/dj9aeytv.Default User/Cache/A:
.  ..

./.cache/mozilla/firefox/dj9aeytv.Default User/Cache/B:
.  ..

./.cache/mozilla/firefox/dj9aeytv.Default User/Cache/C:
.  ..

./.cache/mozilla/firefox/dj9aeytv.Default User/Cache/D:
.  ..

./.cache/mozilla/firefox/dj9aeytv.Default User/Cache/E:
.  ..

./.cache/mozilla/firefox/dj9aeytv.Default User/Cache/F:
.  ..

./.cache/mozilla/firefox/dj9aeytv.Default User/cache2:
.  ..  doomed  entries

./.cache/mozilla/firefox/dj9aeytv.Default User/cache2/doomed:
.  ..

./.cache/mozilla/firefox/dj9aeytv.Default User/cache2/entries:
.  ..

./.cache/mozilla/firefox/dj9aeytv.Default User/safebrowsing:
.   test-malware-simple.cache  test-malware-simple.sbstore  test-phish-simple.pset
..  test-malware-simple.pset   test-phish-simple.cache	    test-phish-simple.sbstore

./.cache/mozilla/firefox/dj9aeytv.Default User/startupCache:
.  ..  startupCache.8.little

./.cache/mozilla/firefox/dj9aeytv.Default User/thumbnails:
.				      361157604abcb287b90f384e4b4fb794.png
..				      8d937afb85d0b96a3d94fc12dab10692.png
078a4458b3789bdbc1bbfccf75f331bc.png  a2e33ade7dee943a8f1c70ed20ef4308.png
2637b7c403ed93d4a9feb071ab8f6487.png

./.config:
.   geany		gnome-session  ibus	       user-dirs.locale
..  gnome-disk-utility	gtk-2.0        user-dirs.dirs

./.config/geany:
.  ..  colorschemes  filedefs  geany.conf  keybindings.conf  tags  templates

./.config/geany/colorschemes:
.  ..

./.config/geany/filedefs:
.  ..  filetypes.README

./.config/geany/tags:
.  ..

./.config/geany/templates:
.  ..  files  templates.README

./.config/geany/templates/files:
.  ..

./.config/gnome-disk-utility:
.  ..  ata-smart-ignore

./.config/gnome-disk-utility/ata-smart-ignore:
.  ..

./.config/gnome-session:
.  ..  saved-session

./.config/gnome-session/saved-session:
.  ..

./.config/gtk-2.0:
.  ..  gtkfilechooser  gtkfilechooser.ini

./.config/ibus:
.  ..  bus

./.config/ibus/bus:
.  ..

./cs100-labs:
.  ..

./.dbus:
.  ..  session-bus

./.dbus/session-bus:
.				    a75f339c7e8244de988e94ab00000024-0
..				    db18f36eb753a429f0d2ac3e0000001f-0
0c1d979360f8b597c703baeb0000001e-0  e0cc4f6ab5fb95e436b26fc400000021-0
7146fab3946c5ca6a5376ec70000001d-0  fccea035f087beb661382b4c00000023-0

./Desktop:
.	   assn3.asm~  CS 010 Assignments  lab6_ex2.asm   main.cc~    prim.H
..	   assn4.asm   CS 010 Labs	   lab6_ex2.asm~  main.cpp    simpl
assn1.tgz  assn4.asm~  CS 013 Labs	   main1.cc	  MyList.cc~
assn3.asm  bst.h       .directory	   main.cc	  old_files

./Desktop/CS 010 Assignments:
.   cipher.cpp	 hello.cpp   isbn.cpp	  mathematics.cpp  textadventure.cpp
..  hangman.cpp  hello.cpp~  madlibs.cpp  pig.cpp	   tictactoe.cpp

./Desktop/CS 010 Labs:
.   lab10.cpp  lab1.cpp~     lab2_ex2.cpp  lab3.cpp  lab5.cpp
..  lab1.cpp   lab2_ex1.cpp  lab2_ex3.cpp  lab4.cpp  lab6.cpp

./Desktop/CS 013 Labs:
.  ..  geany_run_script.sh  hangman.cpp  hello.cpp~  lab01ex1.cpp  lab01ex2.cpp  lab01ex3.cpp

./Desktop/old_files:
.  ..  a.out  mozilla-firefox.desktop

./Desktop/simpl:
.   bin      gt16as  gt16text		 lc3as	  README	 simp	simpl.desktop
..  COPYING  gt16qt  hi16-app-simpl.png  LICENSE  README.CS2110  simpl

./Desktop/simpl/bin:
.  ..  gt16as  gt16qt  gt16text  lc3as	simp  simpl

./Documents:
.  ..

./Downloads:
.	       assn3(2).asm	 bst.h			     main(2).cc    ._MyList.H
..	       assn3(3).asm	 Date.cpp		     main(2).cc~   MyList.H
a.out	       assn3.asm	 download(1).zip	     main(3).cc    Node(1).cc
assn1(1).tgz   assn4 (1)(1).asm  download(2).zip	     ._main.cc	   Node(1).H
assn1.tgz      assn4 (1)(2).asm  download.zip		     main.cc	   ._Node.cc
assn2(1).asm   assn4 (1).asm	 File			     main.cc~	   Node.cc
assn2(2).asm   assn4(1).asm	 herms_bailey_861095129.tgz  main.cp	   ._Node.H
assn2(3).asm   assn4 (2).asm	 lab2_ex1.cpp~		     MyList(1).cc  Node.H
assn2.asm      assn4.asm	 lab2_ex2.cpp~		     MyList(1).H
assn3(1).asm   assn4.asm~	 lab4.tgz		     ._MyList.cc
assn3 (2).asm  bst(1).h		 main(1).cc		     MyList.cc

./Downloads/File:
.  ..  download.zip  file.zip  main(4).cpp

./.eggcups:
.  ..

./.emacs.d:
.  ..  auto-save-list

./.emacs.d/auto-save-list:
.  ..

./.evolution:
.  ..  cache  calendar	camel-cert.db  categories.xml  mail  memos  tasks

./.evolution/cache:
.  ..

./.evolution/calendar:
.  ..  config

./.evolution/calendar/config:
.  ..

./.evolution/mail:
.  ..  local

./.evolution/mail/local:
.		   Drafts.ibex.index.data  Outbox		   Sent.cmeta
..		   Inbox		   Outbox.cmeta		   Sent.ibex.index
Drafts		   Inbox.cmeta		   Outbox.ibex.index	   Sent.ibex.index.data
Drafts.cmeta	   Inbox.ibex.index	   Outbox.ibex.index.data
Drafts.ibex.index  Inbox.ibex.index.data   Sent

./.evolution/memos:
.  ..  config

./.evolution/memos/config:
.  ..

./.evolution/tasks:
.  ..  config

./.evolution/tasks/config:
.  ..

./.fontconfig:
.
..
0251a5afa6ac727a1e32b7d4d4aa7cf0-le32d4.cache-3
0251a5afa6ac727a1e32b7d4d4aa7cf0-x86-64.cache-2
0b1bcc92b4d25cc154d77dafe3bceaa0-le32d4.cache-3
1248881498ac025e45c3042f6afe9284-le32d4.cache-3
12b26b760a24f8b4feb03ad48a333a72-le32d4.cache-3
177aa5f8e4784b879645141d1d73ae7a-x86-64.cache-2
211368abcb0ff835c229ff05c9ec01dc-le32d4.cache-3
2881ed3fd21ca306ddad6f9b0dd3189f-le32d4.cache-3
2e1514a9fdd499050989183bb65136db-le32d4.cache-3
3830d5c3ddfd5cd38a049b759396e72e-le32d4.cache-3
3c3fb04d32a5211b073874b125d29701-le32d4.cache-3
3f821257dd33660ba7bbb45c32deb84c-le32d4.cache-3
46d51d90fe9d963f6f4186edb936a931-le32d4.cache-3
47f48679023f44a4d1e44699a69464f6-le32d4.cache-3
49aab29dc58e529ef78a6d0aaa3ba41d-x86-64.cache-2
5c755b2f27115486aa6359c84dd3cbda-le32d4.cache-3
6cfc7d49b27ba7d3eb71ab86e04def2c-le32d4.cache-3
6fcb01a03a016cc71057b587cdea6709-le32d4.cache-3
73a61b34dd8ca4d8a159807604ab432f-x86-64.cache-2
74717c444f6fd72454fa9c9c0ee01ca7-le32d4.cache-3
7bc9be840852330f6318f25fbc083f28-x86-64.cache-2
7ddba6133ef499da58de5e8c586d3b75-x86-64.cache-2
81a173283b451552b599cfaafd6236bd-le32d4.cache-3
830f035fa84a65ce80e050178dbb630d-le32d4.cache-3
860639f272b8b4b3094f9e399e41bccd-le32d4.cache-3
87f5e051180a7a75f16eb6fe7dbd3749-le32d4.cache-3
87f5e051180a7a75f16eb6fe7dbd3749-x86-64.cache-2
900402270e15d763a6e008bb2d4c7686-le32d4.cache-3
928306c3ad40271d946e41014a49fc28-le32d4.cache-3
991510d2da7f7b2bf8468002aae90060-le32d4.cache-3
a3ef620b97f3ad86e0ccce6d4afaa4cc-x86-64.cache-2
ac68f755438cc3dc5a526084839fc7ca-le32d4.cache-3
b4d0b56f766d89640448751fcd18ec1e-le32d4.cache-3
b67b32625a2bb51b023d3814a918f351-le32d4.cache-3
b67b32625a2bb51b023d3814a918f351-x86-64.cache-2
b79f3aaa7d385a141ab53ec885cc22a8-le32d4.cache-3
b79f3aaa7d385a141ab53ec885cc22a8-x86-64.cache-2
b887eea8f1b96e1d899b44ed6681fc27-le32d4.cache-3
b966c23d19cce9e9a98d55765cf2a0c7-le32d4.cache-3
beeeeb3dfe132a8a0633a017c99ce0c0-le32d4.cache-3
beeeeb3dfe132a8a0633a017c99ce0c0-x86-64.cache-2
c46020d7221988a13df853d2b46304fc-le32d4.cache-3
d3379abda271c4acd2ad0c01f565d0b0-le32d4.cache-3
df893b4576ad6107f9397134092c4059-le32d4.cache-3
e166eff51bb88345c461ae8d1ca7510a-x86-64.cache-2
e19de935dec46bbf3ed114ee4965548a-x86-64.cache-2
e3ead4b767b8819993a6fa3ae306afa9-x86-64.cache-2
e61abf8156cc476151baa07d67337cae-le32d4.cache-3

./.gconf:
.  ..  apps  desktop

./.gconf/apps:
.   brasero    file-roller  gedit-2	    gnome-terminal  nautilus
..  evolution  %gconf.xml   gnome-settings  gnote	    panel

./.gconf/apps/brasero:
.  ..  config  %gconf.xml

./.gconf/apps/brasero/config:
.  ..  %gconf.xml  priority

./.gconf/apps/brasero/config/priority:
.  ..  %gconf.xml

./.gconf/apps/evolution:
.  ..  addressbook  calendar  %gconf.xml  mail	memos  tasks

./.gconf/apps/evolution/addressbook:
.  ..  %gconf.xml

./.gconf/apps/evolution/calendar:
.  ..  display	%gconf.xml  memos  tasks

./.gconf/apps/evolution/calendar/display:
.  ..  %gconf.xml

./.gconf/apps/evolution/calendar/memos:
.  ..  %gconf.xml

./.gconf/apps/evolution/calendar/tasks:
.  ..  %gconf.xml

./.gconf/apps/evolution/mail:
.  ..  %gconf.xml

./.gconf/apps/evolution/memos:
.  ..  %gconf.xml

./.gconf/apps/evolution/tasks:
.  ..  %gconf.xml

./.gconf/apps/file-roller:
.  ..  %gconf.xml  general  listing  ui

./.gconf/apps/file-roller/general:
.  ..  %gconf.xml

./.gconf/apps/file-roller/listing:
.  ..  %gconf.xml

./.gconf/apps/file-roller/ui:
.  ..  %gconf.xml

./.gconf/apps/gedit-2:
.  ..  %gconf.xml  preferences

./.gconf/apps/gedit-2/preferences:
.  ..  %gconf.xml  ui

./.gconf/apps/gedit-2/preferences/ui:
.  ..  %gconf.xml  open_save  statusbar

./.gconf/apps/gedit-2/preferences/ui/open_save:
.  ..  %gconf.xml

./.gconf/apps/gedit-2/preferences/ui/statusbar:
.  ..  %gconf.xml

./.gconf/apps/gnome-settings:
.  ..  %gconf.xml  gnome-panel

./.gconf/apps/gnome-settings/gnome-panel:
.  ..  %gconf.xml

./.gconf/apps/gnome-terminal:
.  ..  %gconf.xml  profiles

./.gconf/apps/gnome-terminal/profiles:
.  ..  Default	%gconf.xml

./.gconf/apps/gnome-terminal/profiles/Default:
.  ..  %gconf.xml

./.gconf/apps/gnote:
.  ..  %gconf.xml

./.gconf/apps/nautilus:
.  ..  desktop-metadata  %gconf.xml

./.gconf/apps/nautilus/desktop-metadata:
.  ..  computer  directory  %gconf.xml	home  TOP@32@SECRET@46@volume  trash

./.gconf/apps/nautilus/desktop-metadata/computer:
.  ..  %gconf.xml

./.gconf/apps/nautilus/desktop-metadata/directory:
.  ..  %gconf.xml

./.gconf/apps/nautilus/desktop-metadata/home:
.  ..  %gconf.xml

./.gconf/apps/nautilus/desktop-metadata/TOP@32@SECRET@46@volume:
.  ..  %gconf.xml

./.gconf/apps/nautilus/desktop-metadata/trash:
.  ..  %gconf.xml

./.gconf/apps/panel:
.  ..  applets	%gconf.xml

./.gconf/apps/panel/applets:
.  ..  clock  %gconf.xml  window_list  workspace_switcher

./.gconf/apps/panel/applets/clock:
.  ..  %gconf.xml  prefs

./.gconf/apps/panel/applets/clock/prefs:
.  ..  %gconf.xml

./.gconf/apps/panel/applets/window_list:
.  ..  %gconf.xml  prefs

./.gconf/apps/panel/applets/window_list/prefs:
.  ..  %gconf.xml

./.gconf/apps/panel/applets/workspace_switcher:
.  ..  %gconf.xml  prefs

./.gconf/apps/panel/applets/workspace_switcher/prefs:
.  ..  %gconf.xml

./.gconf/desktop:
.  ..  %gconf.xml  gnome

./.gconf/desktop/gnome:
.  ..  accessibility  background  %gconf.xml  interface  peripherals

./.gconf/desktop/gnome/accessibility:
.  ..  %gconf.xml  keyboard

./.gconf/desktop/gnome/accessibility/keyboard:
.  ..  %gconf.xml

./.gconf/desktop/gnome/background:
.  ..  %gconf.xml

./.gconf/desktop/gnome/interface:
.  ..  %gconf.xml

./.gconf/desktop/gnome/peripherals:
.  ..  %gconf.xml  keyboard

./.gconf/desktop/gnome/peripherals/keyboard:
.			    host-foxtrot-36.cs.ucr.edu
..			    host-indigo-11@46@cs@46@ucr@46@edu
%gconf.xml		    host-indigo-13@46@cs@46@ucr@46@edu
host-alpha-1.cs.ucr.edu     host-indigo-3@46@cs@46@ucr@46@edu
host-alpha-20.cs.ucr.edu    host-sierra-16@46@cs@46@ucr@46@edu
host-alpha-2.cs.ucr.edu     host-sierra-17@46@cs@46@ucr@46@edu
host-foxtrot-21.cs.ucr.edu

./.gconf/desktop/gnome/peripherals/keyboard/host-alpha-1.cs.ucr.edu:
.  ..  0  %gconf.xml
^Cbherm001@hammer.cs.ucr.edu:~ $ pwd
/home/csmajs/bherm001
bherm001@hammer.cs.ucr.edu:~ $ ls
a.out	    Downloads			lab2_ex1.asm~  lab6_ex1.asm   stuff.asm
assn1.asm   ex2.cpp			lab2_ex1.cpp   lab6_ex1.asm~  stuff.asm~
assn2.asm   Firefox_wallpaper.png	lab2_ex2.asm   lab6_ex2.asm   Templates
assn2.asm~  git-credential-osxkeychain	lab2_ex2.asm~  lab6_ex2.asm~  TEST
assn3.asm   hello			lab2_ex3.asm   Music	      tests_cs100
assn3.asm~  hold.asm			lab2_ex3.asm~  Pictures       ucr-cs100
bomb.cpp    hold.asm~			lab2_ex4.asm   Public	      Videos
cs100-labs  lab2_ex1			lab2_ex4.asm~  rshell
Desktop     lab2_ex1~			lab2_ex5.asm   sshkey
Documents   lab2_ex1.asm		lab2_ex5.asm~  sshkey.pub
bherm001@hammer.cs.ucr.edu:~ $ cd rshell/src
bherm001@hammer.cs.ucr.edu:~/rshell/src $ cd -
/home/csmajs/bherm001
bherm001@hammer.cs.ucr.edu:~ $ cd -
/home/csmajs/bherm001/rshell/src
bherm001@hammer.cs.ucr.edu:~/rshell/src $ cd -
/home/csmajs/bherm001
bherm001@hammer.cs.ucr.edu:~ $ cd -
/home/csmajs/bherm001/rshell/src
bherm001@hammer.cs.ucr.edu:~/rshell/src $ cd .
bherm001@hammer.cs.ucr.edu:~/rshell/src $ cd ..
bherm001@hammer.cs.ucr.edu:~/rshell $ cd ..
bherm001@hammer.cs.ucr.edu:~ $ echo "cd //"
"cd //"
bherm001@hammer.cs.ucr.edu:~ $ cd //
bherm001@hammer.cs.ucr.edu: $ pwd
/
bherm001@hammer.cs.ucr.edu: $ ls
bin	class			    etc    lib	       media  net   root     srv  usr
boot	C:\nppdf32Log\debuglog.txt  extra  lib64       misc   opt   sbin     sys  var
cgroup	dev			    home   lost+found  mnt    proc  selinux  tmp
bherm001@hammer.cs.ucr.edu: $ cd
bherm001@hammer.cs.ucr.edu:~ $ pwd
/home/csmajs/bherm001
bherm001@hammer.cs.ucr.edu:~ $ cd -
/home/csmajs/bherm001
bherm001@hammer.cs.ucr.edu:~ $ pwd   cd -
/home/csmajs/bherm001
bherm001@hammer.cs.ucr.edu:~ $ ls
a.out	    Downloads			lab2_ex1.asm~  lab6_ex1.asm   stuff.asm
assn1.asm   ex2.cpp			lab2_ex1.cpp   lab6_ex1.asm~  stuff.asm~
assn2.asm   Firefox_wallpaper.png	lab2_ex2.asm   lab6_ex2.asm   Templates
assn2.asm~  git-credential-osxkeychain	lab2_ex2.asm~  lab6_ex2.asm~  TEST
assn3.asm   hello			lab2_ex3.asm   Music	      tests_cs100
assn3.asm~  hold.asm			lab2_ex3.asm~  Pictures       ucr-cs100
bomb.cpp    hold.asm~			lab2_ex4.asm   Public	      Videos
cs100-labs  lab2_ex1			lab2_ex4.asm~  rshell
Desktop     lab2_ex1~			lab2_ex5.asm   sshkey
Documents   lab2_ex1.asm		lab2_ex5.asm~  sshkey.pub
bherm001@hammer.cs.ucr.edu:~ $ echo "cd <P Far   MultPath>
"cd <MultPath>
bherm001@hammer.cs.ucr.edu:~ $ cd Desktop/old_files
bherm001@hammer.cs.ucr.edu:~/Desktop/old_files $ ls
a.out  mozilla-firefox.desktop
bherm001@hammer.cs.ucr.edu:~/Desktop/old_files $ pwd
/home/csmajs/bherm001/Desktop/old_files
bherm001@hammer.cs.ucr.edu:~/Desktop/old_files $ cd -
/home/csmajs/bherm001
bherm001@hammer.cs.ucr.edu:~ $ cd -
/home/csmajs/bherm001/Desktop/old_files
bherm001@hammer.cs.ucr.edu:~/Desktop/old_files $ cd -
/home/csmajs/bherm001
bherm001@hammer.cs.ucr.edu:~ $ echo "ctrl-C single       "
"ctrl-C"
bherm001@hammer.cs.ucr.edu:~ $ ^C
bherm001@hammer.cs.ucr.edu:~ $ ^C
bherm001@hammer.cs.ucr.edu:~ $ ^C

^C
execvp: No such file or directory
bherm001@hammer.cs.ucr.edu:~ $ ^C
bherm001@hammer.cs.ucr.edu:~ $ 

^C
execvp: No such file or directory
bherm001@hammer.cs.ucr.edu:~ $ ^C
bherm001@hammer.cs.ucr.edu:~ $ e pwd
/home/csmajs/bherm001

^C
bherm001@hammer.cs.ucr.edu:~ $ ^C
bherm001@hammer.cs.ucr.edu:~ $ pwd
/home/csmajs/bherm001

^C
bherm001@hammer.cs.ucr.edu:~ $ exit
[s%%%%%%%%%%[u[0;32mbherm001[0;36m@[0;32mcs100[0;36m:[0;32m~/rshell[0;95m (master) [0;36m$[0m bin/rshellmake rshell[1Pbin/rshell[Kls
bin  LICENSE  Makefile	README.md  src	tests
[s%%%%%%%%%%[u[0;32mbherm001[0;36m@[0;32mcs100[0;36m:[0;32m~/rshell[0;95m (master) [0;36m$[0m exit
exit
~
bherm001@hammer $ exit
exit

Script done on Fri 29 May 2015 09:10:55 PM PDT
